// Jest Snapshot v1, https://goo.gl/fbAQLP

exports[`Ingredients component matches the snapshot 1`] = `
<div>
  <table
    className="table table-striped table-bordered table-condensed table-hover"
  >
    <thead>
      <tr>
        <th
          className="center"
        >
          Ingredient
        </th>
        <th
          className="center"
        >
          Type
        </th>
        <th
          className="center"
        />
      </tr>
    </thead>
    <tbody>
      <tr>
        <td>
          Crisp Malt Wheat
        </td>
        <td>
          Malt
        </td>
        <td>
          <button
            className="btn btn-primary"
            disabled={false}
            type="button"
          >
            Edit
          </button>
          <button
            className="btn btn-danger"
            disabled={false}
            type="button"
          >
            Delete
          </button>
        </td>
      </tr>
    </tbody>
  </table>
  <br />
  <button
    className="btn btn-success"
    disabled={false}
    onClick={[Function]}
    type="button"
  >
    Create
  </button>
</div>
`;
