// Jest Snapshot v1, https://goo.gl/fbAQLP

exports[`Ingredients component matches the snapshot 1`] = `
<table>
  <thead>
    <tr>
      <th>
        Ingredient
      </th>
      <th>
        Type
      </th>
      <th />
    </tr>
  </thead>
  <tbody>
    <tr>
      <td>
        Crisp Malt Wheat
      </td>
      <td>
        Malt
      </td>
      <td>
        <button>
          Edit
        </button>
        <button>
          Delete
        </button>
      </td>
    </tr>
  </tbody>
</table>
`;
