// Jest Snapshot v1, https://goo.gl/fbAQLP

exports[`Ingredients component matches the snapshot 1`] = `
<div>
  <table
    className="table table-striped table-bordered table-condensed table-hover"
  >
    <thead>
      <tr>
        <th
          className="center"
        >
          Ingredient
        </th>
        <th
          className="center"
        >
          Type
        </th>
        <th
          className="center"
        >
          URL
        </th>
        <th
          className="center"
        >
          Admin Actions
        </th>
      </tr>
    </thead>
    <tbody />
  </table>
  <br />
  <button
    className="btn btn-success"
    disabled={false}
    onClick={[Function]}
    type="button"
  >
    Create
  </button>
</div>
`;
